// Jest Snapshot v1, https://goo.gl/fbAQLP

exports[`Home component renders Home 1`] = `
<Fragment>
  <Connect(NoteForm) />
  <Connect(AllNotes) />
</Fragment>
`;
