// Jest Snapshot v1, https://goo.gl/fbAQLP

exports[`App component renders App 1`] = `
<BrowserRouter>
  <Route
    component={
      Object {
        "$$typeof": Symbol(react.memo),
        "WrappedComponent": [Function],
        "compare": null,
        "displayName": "Connect(Note)",
        "type": [Function],
      }
    }
    path="/notes/:_id"
  />
  <Route
    component={[Function]}
    exact={true}
    path="/"
  />
</BrowserRouter>
`;
