// Jest Snapshot v1, https://goo.gl/fbAQLP

exports[`Note component renders Note 1`] = `
<section>
  <h3 />
  <p />
</section>
`;
