// Jest Snapshot v1, https://goo.gl/fbAQLP

exports[`Notes component renders Notes 1`] = `<ul />`;
